---
source: bins/owt/tests/golden.rs
expression: "frame(& mut s, 120, 40)"
---
owt watchlists                                                                                     LIVE  ● ws: connected
  1:macro  │  2:elections
┌ watchlist ───────────────────────────────────────────────────────────────────────────────────────────────────────────┐
│  Market                                          Price            Δ24h              Spread           Volume          │
│› Fed cut in September?                           42.0¢            +3.0¢             2.0¢             $3.2M           │
│  US recession in 2026?                           31.0¢            -1.0¢             3.0¢             $1.4M           │
│                                                                                                                      │
│                                                                                                                      │
│                                                                                                                      │
│                                                                                                                      │
│                                                                                                                      │
│                                                                                                                      │
│                                                                                                                      │
│                                                                                                                      │
│                                                                                                                      │
│                                                                                                                      │
│                                                                                                                      │
│                                                                                                                      │
│                                                                                                                      │
│                                                                                                                      │
│                                                                                                                      │
│                                                                                                                      │
│                                                                                                                      │
│                                                                                                                      │
│                                                                                                                      │
│                                                                                                                      │
│                                                                                                                      │
│                                                                                                                      │
│                                                                                                                      │
│                                                                                                                      │
│                                                                                                                      │
│                                                                                                                      │
│                                                                                                                      │
│                                                                                                                      │
│                                                                                                                      │
│                                                                                                                      │
│                                                                                                                      │
│                                                                                                                      │
└──────────────────────────────────────────────────────────────────────────────────────────────────────────────────────┘
 http://127.0.0.1:8080   :cmd  ?help  Tab focus  Enter open  Esc back  q quit
