---
source: bins/owt/tests/golden.rs
expression: "frame(& mut s, 120, 40)"
---
owt market: will-fed-cut-rates-in-september                                                        LIVE  ● ws: connected
┌ market ──────────────────────────────────────────────────────────────────────────────────────────────────────────────┐
│42.0¢ YES   Spread 2.0¢   Vol 24h $3.2M   Liquidity high                                                              │
│Event: federal-reserve-september-meeting   Tags: economics fed macro                                                  │
└──────────────────────────────────────────────────────────────────────────────────────────────────────────────────────┘
┌ Order Book ──────────────────────┐┌ Trade Tape ────────────────────────────┐┌ Linked News ───────────────────────────┐
│ask 44.0¢     800                 ││10:14:02  BUY  42.0¢    90              ││Reuters: Fed official signals openness t│
│ask 43.0¢    1200                 ││10:13:58  SELL 41.0¢   120              ││FT: Treasury yields slip as rate-cut bet│
│mid 42.0¢                         ││10:13:44  BUY  42.0¢    50              ││AP: Powell remarks parsed for policy hin│
│bid 41.0¢    1050                 ││                                        ││                                        │
│bid 40.0¢    2100                 ││                                        ││                                        │
│                                  ││                                        ││                                        │
│                                  ││                                        ││                                        │
│                                  ││                                        ││                                        │
│                                  ││                                        ││                                        │
│                                  ││                                        ││                                        │
│                                  ││                                        ││                                        │
│                                  ││                                        ││                                        │
│                                  ││                                        ││                                        │
│                                  ││                                        ││                                        │
│                                  ││                                        ││                                        │
│                                  ││                                        ││                                        │
│                                  ││                                        ││                                        │
│                                  ││                                        ││                                        │
│                                  ││                                        ││                                        │
│                                  ││                                        ││                                        │
│                                  ││                                        ││                                        │
│                                  ││                                        ││                                        │
│                                  ││                                        ││                                        │
│                                  ││                                        ││                                        │
│                                  ││                                        ││                                        │
│                                  ││                                        ││                                        │
│                                  ││                                        ││                                        │
│                                  ││                                        ││                                        │
│                                  ││                                        ││                                        │
│                                  ││                                        ││                                        │
│                                  ││                                        ││                                        │
└──────────────────────────────────┘└────────────────────────────────────────┘└────────────────────────────────────────┘
Timeline: Powell speech → +3.0¢ in 18m → 12 linked articles  (open the event for detail)
 http://127.0.0.1:8080   :cmd  ?help  Tab focus  Enter open  Esc back  q quit
