---
source: bins/owt/tests/golden.rs
expression: "frame(& mut s, 120, 40)"
---
owt search                                                                                         LIVE  ● ws: connected
┌ results ───────────────────────────────────────────────────────┐┌ preview ───────────────────────────────────────────┐
│› market Will the Fed cut rates in September?                   ││Will the Fed cut rates in September?                │
│  event  Federal Reserve September Meeting                      ││market · will-fed-cut-rates-in-september            │
│  topic  Jerome Powell                                          ││                                                    │
│  news   Reuters: Fed official signals openness to a cut        ││YES 42.0¢ · $3.2M 24h vol                           │
│                                                                ││                                                    │
│                                                                ││Enter to open                                       │
│                                                                ││                                                    │
│                                                                ││                                                    │
│                                                                ││                                                    │
│                                                                ││                                                    │
│                                                                ││                                                    │
│                                                                ││                                                    │
│                                                                ││                                                    │
│                                                                ││                                                    │
│                                                                ││                                                    │
│                                                                ││                                                    │
│                                                                ││                                                    │
│                                                                ││                                                    │
│                                                                ││                                                    │
│                                                                ││                                                    │
│                                                                ││                                                    │
│                                                                ││                                                    │
│                                                                ││                                                    │
│                                                                ││                                                    │
│                                                                ││                                                    │
│                                                                ││                                                    │
│                                                                ││                                                    │
│                                                                ││                                                    │
│                                                                ││                                                    │
│                                                                ││                                                    │
│                                                                ││                                                    │
│                                                                ││                                                    │
│                                                                ││                                                    │
│                                                                ││                                                    │
│                                                                ││                                                    │
│                                                                ││                                                    │
└────────────────────────────────────────────────────────────────┘└────────────────────────────────────────────────────┘
 http://127.0.0.1:8080   :cmd  ?help  Tab focus  Enter open  Esc back  q quit
