---
source: bins/owt/tests/golden.rs
expression: "frame(& mut s, 80, 24)"
---
owt workspace: federal-reserve-september-meeting           LIVE  ● ws: connected
┌ workspace ───────────────────────────────────────────────────────────────────┐
│Query: Federal Reserve September Meeting                                      │
└──────────────────────────────────────────────────────────────────────────────┘
┌ Markets ─────────────────────────┐┌ Event timeline ──────────────────────────┐
│› Rate cut in September?          ││10:02 ▪ Powell speech scheduled           │
│  Cut size: 25bp vs 50bp          ││10:20 Δ YES +3.0¢ in 18m                  │
│  Any dissenting votes?           ││10:24 ▪ Reuters: 12 linked articles       │
│                                  ││                                          │
│                                  ││                                          │
│                                  ││                                          │
│                                  ││                                          │
│                                  ││                                          │
│                                  ││                                          │
│                                  ││                                          │
│                                  ││                                          │
│                                  ││                                          │
│                                  ││                                          │
│                                  ││                                          │
│                                  ││                                          │
│                                  ││                                          │
│                                  ││                                          │
└──────────────────────────────────┘└──────────────────────────────────────────┘
 http://127.0.0.1:8080   :cmd  ?help  Tab focus  Enter open  Esc back  q quit
